BOOLEAN d #
INT a b c #
LONG g h #
REAL e f #
STRING #
