BOOLEAN #
INT t1 t2 t a b c x y z #
LONG #
REAL #
STRING #
